id,name,something_date
7,newName,2020-11-05 05:58:13.0
