id,name,when
1,name1,1970-01-01 01:01:40
123,"foo1",2020-06-22 15:33:00
456,"foo2",null
789,null,1234-05-06 07:08:09
