id,name,something_date
99,"a",1234-05-06 07:08:09
1,"name",1982-11-05 05:58:13.0
