id,name,something_date
1,"name",1982-11-05 05:58:13 +0000
10,null,1234-05-06 07:08:09
