id,name,when
1,"a",1234-05-06 07:08:09
123,"newName",2020-11-05 05:58:13 +0000
